[2025-04-09T10:12:09.410Z] INFO: Visited homepage by admin123
[2025-04-09T10:12:49.844Z] INFO: Post created by admin123: "Second Post"
[2025-04-09T10:13:19.883Z] INFO: Post ID 2 updated by admin123
[2025-04-09T11:56:25.625Z] INFO: Login page accessed by visitor
[2025-04-09T11:56:34.503Z] INFO: User logged in: user123
[2025-04-09T11:56:34.519Z] INFO: Visited homepage by user123
[2025-04-09T11:56:59.629Z] INFO: Post created by user123: "Finibus Bonorum et Malorum"
[2025-04-09T11:57:27.909Z] INFO: Post created by user123: "1914 translation by H. Rackham"
[2025-04-09T12:04:34.439Z] INFO: Login page accessed by visitor
[2025-04-09T12:05:05.551Z] INFO: User logged in: user123
[2025-04-09T12:05:05.563Z] INFO: Visited homepage by user123
[2025-04-09T12:05:07.185Z] INFO: Login page accessed by visitor
[2025-04-09T12:09:40.953Z] INFO: Visited homepage by undefined
[2025-04-09T12:13:18.930Z] WARN: Failed login attempt for username: admin123
[2025-04-11T14:52:34.422Z] INFO: Login page accessed by visitor
[2025-04-11T14:52:39.459Z] INFO: User logged in: admin123
[2025-04-11T14:52:39.480Z] INFO: Visited homepage by admin123
[2025-04-11T18:31:28.240Z] INFO: Login page accessed by visitor
[2025-04-11T18:31:56.488Z] INFO: Login page accessed by visitor
[2025-04-11T18:32:15.127Z] INFO: Login page accessed by visitor
[2025-04-11T18:32:20.615Z] INFO: Login page accessed by visitor
[2025-04-11T18:34:03.998Z] INFO: Visited homepage by undefined
[2025-04-11T18:34:21.709Z] INFO: Login page accessed by visitor
[2025-04-11T18:34:44.979Z] INFO: Visited homepage by undefined
[2025-04-11T18:34:50.462Z] INFO: Visited homepage by undefined
[2025-04-11T18:43:41.516Z] INFO: Visited homepage by undefined
[2025-04-11T18:43:53.351Z] INFO: Visited homepage by undefined
[2025-04-11T18:43:58.871Z] INFO: Visited homepage by undefined
[2025-04-11T18:45:05.398Z] INFO: Visited homepage by undefined
[2025-04-11T18:45:13.147Z] INFO: Visited homepage by undefined
[2025-04-11T18:45:23.639Z] INFO: Visited homepage by undefined
[2025-04-13T14:55:12.166Z] INFO: Visited homepage by undefined
[2025-04-13T14:55:13.515Z] INFO: Login page accessed by visitor
[2025-04-13T14:55:18.992Z] INFO: User logged in: admin123
[2025-04-13T14:55:19.012Z] INFO: Visited homepage by admin123
[2025-04-13T14:55:33.975Z] INFO: Post created by admin123: "jj"
[2025-04-13T14:55:36.345Z] INFO: Post ID 5 delete by admin123
[2025-04-13T16:12:33.721Z] INFO: User Searched : "ytyy"
[2025-04-13T16:12:35.757Z] INFO: User Searched : "h6656h5"
[2025-04-13T16:28:42.180Z] INFO: User Searched : "ple"
[2025-04-13T16:28:51.312Z] INFO: User Searched : "please"
[2025-04-13T16:29:06.411Z] INFO: User Searched : "pleas"
[2025-04-13T16:29:15.765Z] INFO: User Searched : "pleas"
[2025-04-13T16:29:17.460Z] INFO: Visited homepage by undefined
[2025-04-13T16:29:23.902Z] INFO: Login page accessed by visitor
[2025-04-13T16:29:31.344Z] INFO: User logged in: admin123
[2025-04-13T16:29:31.360Z] INFO: Visited homepage by admin123
[2025-04-13T17:10:50.711Z] INFO: Visited homepage by undefined
[2025-04-13T17:10:52.512Z] INFO: Login page accessed by visitor
[2025-04-13T17:10:58.519Z] INFO: User logged in: admin123
[2025-04-13T17:10:58.566Z] INFO: Visited homepage by admin123
[2025-04-13T17:11:00.110Z] INFO: User logged out: admin123
[2025-04-13T17:11:00.116Z] INFO: Login page accessed by visitor
[2025-04-13T17:13:53.969Z] INFO: Register page accessed by visitor
[2025-04-13T17:21:38.882Z] INFO: Login page accessed by visitor
[2025-04-13T17:22:59.387Z] INFO: Register page accessed by visitor
[2025-04-13T17:24:35.011Z] INFO: Login page accessed by visitor
[2025-04-13T17:26:19.493Z] INFO: Register page accessed by visitor
[2025-04-13T17:27:01.284Z] INFO: Login page accessed by visitor
[2025-04-13T17:27:10.904Z] WARN: Failed login attempt for username: admin123
[2025-04-13T17:27:17.408Z] INFO: User logged in: admin123
[2025-04-13T17:27:17.431Z] INFO: Visited homepage by admin123
[2025-04-13T17:42:49.361Z] INFO: User Searched : "test"
[2025-04-13T18:09:35.729Z] INFO: User Searched : "ipsum"
[2025-04-13T18:09:43.208Z] INFO: User Searched : "laudantium"
[2025-04-13T18:12:18.022Z] INFO: Visited homepage by admin123
[2025-04-13T18:12:21.203Z] INFO: User logged out: admin123
[2025-04-13T18:12:21.208Z] INFO: Login page accessed by visitor
[2025-04-13T18:35:07.691Z] INFO: Register page accessed by visitor
[2025-04-13T18:35:07.713Z] INFO: Login page accessed by visitor
[2025-04-13T18:35:08.015Z] WARN: Failed login attempt for username: testuser1
[2025-04-13T18:35:08.077Z] INFO: Login page accessed by visitor
[2025-04-13T18:35:08.089Z] INFO: Register page accessed by visitor
[2025-04-13T18:35:08.136Z] INFO: New user registered: testuser1
[2025-04-13T18:35:08.150Z] INFO: Login page accessed by visitor
[2025-04-13T18:35:08.370Z] INFO: User logged in: testuser1
[2025-04-13T18:35:08.382Z] INFO: Visited homepage by testuser1
[2025-04-13T18:35:09.658Z] INFO: Register page accessed by visitor
[2025-04-13T18:35:10.197Z] WARN: Tried to register with existing username: testuser1
[2025-04-13T18:35:10.232Z] INFO: Login page accessed by visitor
[2025-04-13T18:35:10.876Z] INFO: User logged in: testuser1
[2025-04-13T18:35:10.891Z] INFO: Visited homepage by testuser1
[2025-04-13T18:35:11.189Z] INFO: User Searched : ""
[2025-04-13T18:37:39.492Z] INFO: Visited homepage by undefined
[2025-04-13T18:37:39.523Z] INFO: Register page accessed by visitor
[2025-04-13T18:37:39.726Z] INFO: Login page accessed by visitor
[2025-04-13T18:37:40.081Z] WARN: Failed login attempt for username: testuser_simple
[2025-04-13T18:37:40.165Z] INFO: Register page accessed by visitor
[2025-04-13T18:37:40.173Z] INFO: New user registered: testuser_simple
[2025-04-13T18:37:40.189Z] INFO: Login page accessed by visitor
[2025-04-13T18:37:40.216Z] INFO: Login page accessed by visitor
[2025-04-13T18:37:40.241Z] INFO: Visited homepage by undefined
[2025-04-13T18:37:41.797Z] INFO: Login page accessed by visitor
[2025-04-13T18:37:42.496Z] INFO: Register page accessed by visitor
[2025-04-13T18:37:42.514Z] INFO: User logged in: testuser_simple
[2025-04-13T18:37:42.535Z] INFO: Visited homepage by testuser_simple
[2025-04-13T18:37:43.127Z] WARN: Tried to register with existing username: testuser_simple
[2025-04-13T18:37:43.226Z] INFO: Visited homepage by undefined
[2025-04-13T18:39:43.667Z] INFO: Visited homepage by undefined
[2025-04-13T18:39:43.696Z] INFO: Login page accessed by visitor
[2025-04-13T18:39:43.744Z] INFO: Register page accessed by visitor
[2025-04-13T18:39:44.156Z] WARN: Failed login attempt for username: testusername_
[2025-04-13T18:39:44.207Z] INFO: Visited homepage by undefined
[2025-04-13T18:39:44.226Z] INFO: Register page accessed by visitor
[2025-04-13T18:39:44.272Z] INFO: Login page accessed by visitor
[2025-04-13T18:39:44.287Z] INFO: New user registered: testusername_
[2025-04-13T18:39:44.300Z] INFO: Login page accessed by visitor
[2025-04-13T18:39:45.877Z] INFO: Visited homepage by undefined
[2025-04-13T18:39:46.572Z] INFO: Register page accessed by visitor
[2025-04-13T18:39:47.254Z] WARN: Tried to register with existing username: testusername_
[2025-04-13T18:39:47.324Z] INFO: Login page accessed by visitor
[2025-04-13T18:39:47.967Z] INFO: User logged in: testusername_
[2025-04-13T18:39:47.979Z] INFO: Visited homepage by testusername_
[2025-04-13T18:41:40.919Z] INFO: Register page accessed by visitor
[2025-04-13T18:41:41.004Z] INFO: Visited homepage by undefined
[2025-04-13T18:41:41.054Z] INFO: Login page accessed by visitor
[2025-04-13T18:41:41.321Z] WARN: Tried to register with existing username: testusername_
[2025-04-13T18:41:41.467Z] INFO: Register page accessed by visitor
[2025-04-13T18:41:41.470Z] INFO: Visited homepage by undefined
[2025-04-13T18:41:41.513Z] INFO: User logged in: testusername_
[2025-04-13T18:41:41.525Z] INFO: Visited homepage by testusername_
[2025-04-13T18:41:41.569Z] INFO: Login page accessed by visitor
[2025-04-13T18:41:57.170Z] INFO: Visited homepage by undefined
[2025-04-13T18:41:57.193Z] INFO: Register page accessed by visitor
[2025-04-13T18:41:57.199Z] INFO: Login page accessed by visitor
[2025-04-13T18:41:57.639Z] WARN: Failed login attempt for username: testusername_20
[2025-04-13T18:41:57.756Z] INFO: New user registered: testusername_20
[2025-04-13T18:41:57.771Z] INFO: Login page accessed by visitor
[2025-04-13T18:41:57.779Z] INFO: Register page accessed by visitor
[2025-04-13T18:41:57.853Z] INFO: Login page accessed by visitor
[2025-04-13T18:41:57.865Z] INFO: Visited homepage by undefined
[2025-04-13T18:41:59.286Z] INFO: Register page accessed by visitor
[2025-04-13T18:41:59.909Z] WARN: Tried to register with existing username: testusername_20
[2025-04-13T18:42:00.134Z] INFO: Visited homepage by undefined
[2025-04-13T18:42:00.631Z] INFO: Login page accessed by visitor
[2025-04-13T18:42:01.275Z] INFO: User logged in: testusername_20
[2025-04-13T18:42:01.289Z] INFO: Visited homepage by testusername_20
[2025-04-13T18:43:32.105Z] INFO: Visited homepage by undefined
[2025-04-13T18:43:32.129Z] INFO: Login page accessed by visitor
[2025-04-13T18:43:32.136Z] INFO: Register page accessed by visitor
[2025-04-13T18:43:32.571Z] WARN: Failed login attempt for username: testusername_200
[2025-04-13T18:43:32.633Z] INFO: Register page accessed by visitor
[2025-04-13T18:43:32.652Z] INFO: Visited homepage by undefined
[2025-04-13T18:43:32.665Z] INFO: Login page accessed by visitor
[2025-04-13T18:43:32.693Z] INFO: New user registered: testusername_200
[2025-04-13T18:43:32.706Z] INFO: Login page accessed by visitor
[2025-04-13T18:43:34.088Z] INFO: Login page accessed by visitor
[2025-04-13T18:43:34.828Z] INFO: User logged in: testusername_200
[2025-04-13T18:43:34.842Z] INFO: Visited homepage by testusername_200
[2025-04-13T18:43:34.896Z] INFO: Register page accessed by visitor
[2025-04-13T18:43:35.471Z] WARN: Tried to register with existing username: testusername_200
[2025-04-13T18:43:35.702Z] INFO: Visited homepage by undefined
[2025-04-13T18:48:11.998Z] INFO: User logged out: Unknown user
[2025-04-13T18:48:12.008Z] INFO: Login page accessed by visitor
[2025-04-13T18:48:15.999Z] INFO: Register page accessed by visitor
[2025-04-13T18:48:52.203Z] WARN: Tried to register with existing username: admin123
[2025-04-13T18:48:55.118Z] INFO: Login page accessed by visitor
[2025-04-13T18:49:04.302Z] INFO: User logged in: admin123
[2025-04-13T18:49:04.316Z] INFO: Visited homepage by admin123
[2025-04-13T18:49:40.766Z] INFO: Visited homepage by undefined
[2025-04-13T18:49:40.797Z] INFO: Register page accessed by visitor
[2025-04-13T18:49:40.917Z] INFO: Login page accessed by visitor
[2025-04-13T18:49:41.288Z] WARN: Failed login attempt for username: testusername_100
[2025-04-13T18:49:41.353Z] INFO: Register page accessed by visitor
[2025-04-13T18:49:41.376Z] INFO: Login page accessed by visitor
[2025-04-13T18:49:41.400Z] INFO: New user registered: testusername_1
[2025-04-13T18:49:41.414Z] INFO: Login page accessed by visitor
[2025-04-13T18:49:41.467Z] INFO: Visited homepage by undefined
[2025-04-13T18:49:43.064Z] INFO: Visited homepage by undefined
[2025-04-13T18:49:43.778Z] INFO: Login page accessed by visitor
[2025-04-13T18:49:44.492Z] WARN: Failed login attempt for username: testusername_100
[2025-04-13T18:49:44.507Z] INFO: Register page accessed by visitor
[2025-04-13T18:49:45.097Z] WARN: Tried to register with existing username: testusername_1
[2025-04-13T18:51:27.034Z] INFO: Login page accessed by visitor
[2025-04-13T18:51:27.065Z] INFO: Register page accessed by visitor
[2025-04-13T18:51:27.080Z] INFO: Visited homepage by undefined
[2025-04-13T18:51:27.479Z] WARN: Failed login attempt for username: testusername_100
[2025-04-13T18:51:27.481Z] WARN: Tried to register with existing username: testusername_1
[2025-04-13T18:51:27.496Z] INFO: Visited homepage by undefined
[2025-04-13T18:51:27.508Z] INFO: Register page accessed by visitor
[2025-04-13T18:51:27.574Z] INFO: Login page accessed by visitor
[2025-04-13T18:51:29.161Z] INFO: Register page accessed by visitor
[2025-04-13T18:51:29.743Z] WARN: Tried to register with existing username: testusername_1
[2025-04-13T18:51:30.017Z] INFO: Login page accessed by visitor
[2025-04-13T18:51:30.551Z] WARN: Failed login attempt for username: testusername_100
[2025-04-13T18:51:30.703Z] INFO: Visited homepage by undefined
[2025-04-13T18:53:12.933Z] INFO: Login page accessed by visitor
[2025-04-13T18:53:12.956Z] INFO: Visited homepage by undefined
[2025-04-13T18:53:12.962Z] INFO: Register page accessed by visitor
[2025-04-13T18:53:13.389Z] INFO: Visited homepage by undefined
[2025-04-13T18:53:13.392Z] WARN: Tried to register with existing username: testusername_1
[2025-04-13T18:53:13.396Z] WARN: Failed login attempt for username: testusername_100
[2025-04-13T18:53:13.461Z] INFO: Login page accessed by visitor
[2025-04-13T18:53:13.468Z] INFO: Register page accessed by visitor
[2025-04-13T18:53:15.019Z] INFO: Login page accessed by visitor
[2025-04-13T18:53:15.558Z] WARN: Failed login attempt for username: testusername_100
[2025-04-13T18:53:15.799Z] INFO: Register page accessed by visitor
[2025-04-13T18:53:16.397Z] WARN: Tried to register with existing username: testusername_1
[2025-04-13T18:53:16.512Z] INFO: Visited homepage by undefined
[2025-04-13T18:53:43.357Z] INFO: User logged out: admin123
[2025-04-13T18:53:43.366Z] INFO: Login page accessed by visitor
[2025-04-13T18:53:44.798Z] INFO: Visited homepage by undefined
[2025-04-13T18:57:24.274Z] INFO: Login page accessed by visitor
[2025-04-13T18:57:24.299Z] INFO: Register page accessed by visitor
[2025-04-13T18:57:24.602Z] WARN: Failed login attempt for username: user_1744570643927
[2025-04-13T18:57:24.700Z] INFO: Login page accessed by visitor
[2025-04-13T18:57:24.705Z] INFO: Register page accessed by visitor
[2025-04-13T18:57:24.723Z] INFO: New user registered: user_1744570643921
[2025-04-13T18:57:24.739Z] INFO: Login page accessed by visitor
[2025-04-13T18:57:26.251Z] INFO: Login page accessed by visitor
[2025-04-13T18:57:27.041Z] WARN: Failed login attempt for username: user_1744570643922
[2025-04-13T18:57:27.302Z] INFO: Register page accessed by visitor
[2025-04-13T18:57:27.802Z] INFO: New user registered: user_1744570643919
[2025-04-13T18:57:27.815Z] INFO: Login page accessed by visitor
[2025-04-13T19:00:49.005Z] INFO: Register page accessed by visitor
[2025-04-13T19:00:49.028Z] INFO: Login page accessed by visitor
[2025-04-13T19:00:49.337Z] INFO: Login page accessed by visitor
[2025-04-13T19:00:49.341Z] INFO: Register page accessed by visitor
[2025-04-13T19:00:49.361Z] WARN: Failed login attempt for username: user_1744570848596
[2025-04-13T19:00:49.484Z] INFO: New user registered: user_1744570848590
[2025-04-13T19:00:49.499Z] INFO: Login page accessed by visitor
[2025-04-13T19:00:50.996Z] INFO: Login page accessed by visitor
[2025-04-13T19:00:51.650Z] WARN: Failed login attempt for username: user_1744570848587
[2025-04-13T19:00:51.753Z] INFO: Register page accessed by visitor
[2025-04-13T19:00:52.424Z] INFO: New user registered: user_1744570848600
[2025-04-13T19:00:52.435Z] INFO: Login page accessed by visitor
[2025-04-13T19:03:09.104Z] INFO: Register page accessed by visitor
[2025-04-13T19:03:09.302Z] INFO: Register page accessed by visitor
[2025-04-13T19:03:09.451Z] INFO: New user registered: user_1744570988828
[2025-04-13T19:03:09.466Z] INFO: Login page accessed by visitor
[2025-04-13T19:03:09.732Z] INFO: Login page accessed by visitor
[2025-04-13T19:03:10.098Z] INFO: User logged in: user_1744570988828
[2025-04-13T19:03:10.115Z] INFO: Visited homepage by user_1744570988828
[2025-04-13T19:03:10.587Z] INFO: Login page accessed by visitor
[2025-04-13T19:03:10.920Z] INFO: Register page accessed by visitor
[2025-04-13T19:03:11.484Z] INFO: New user registered: user_1744570988826
[2025-04-13T19:03:11.515Z] INFO: Login page accessed by visitor
[2025-04-13T19:03:11.840Z] INFO: Login page accessed by visitor
[2025-04-13T19:03:12.118Z] INFO: User logged in: user_1744570988826
[2025-04-13T19:03:12.133Z] INFO: Visited homepage by user_1744570988826
[2025-04-13T19:09:14.291Z] INFO: Register page accessed by visitor
[2025-04-13T19:09:14.485Z] INFO: Register page accessed by visitor
[2025-04-13T19:09:14.666Z] INFO: New user registered: user_1744571354027
[2025-04-13T19:09:14.686Z] INFO: Login page accessed by visitor
[2025-04-13T19:09:14.924Z] INFO: Login page accessed by visitor
[2025-04-13T19:09:15.207Z] INFO: User logged in: user_1744571354027
[2025-04-13T19:09:15.220Z] INFO: Visited homepage by user_1744571354027
[2025-04-13T19:09:15.651Z] INFO: Login page accessed by visitor
[2025-04-13T19:09:16.067Z] INFO: Register page accessed by visitor
[2025-04-13T19:09:16.663Z] INFO: New user registered: user_1744571354026
[2025-04-13T19:09:16.674Z] INFO: Login page accessed by visitor
[2025-04-13T19:09:17.014Z] INFO: Login page accessed by visitor
[2025-04-13T19:09:17.331Z] INFO: User logged in: user_1744571354026
[2025-04-13T19:09:17.346Z] INFO: Visited homepage by user_1744571354026
[2025-04-13T19:09:55.555Z] INFO: Register page accessed by visitor
[2025-04-13T19:09:55.716Z] INFO: Register page accessed by visitor
[2025-04-13T19:09:55.876Z] INFO: New user registered: user_1744571395291
[2025-04-13T19:09:55.892Z] INFO: Login page accessed by visitor
[2025-04-13T19:09:56.087Z] INFO: Login page accessed by visitor
[2025-04-13T19:09:56.365Z] INFO: User logged in: user_1744571395291
[2025-04-13T19:09:56.380Z] INFO: Visited homepage by user_1744571395291
[2025-04-13T19:09:56.822Z] INFO: Login page accessed by visitor
[2025-04-13T19:09:57.167Z] INFO: Register page accessed by visitor
[2025-04-13T19:09:57.767Z] INFO: New user registered: user_1744571395292
[2025-04-13T19:09:57.778Z] INFO: Login page accessed by visitor
[2025-04-13T19:09:58.124Z] INFO: Login page accessed by visitor
[2025-04-13T19:09:58.363Z] INFO: User logged in: user_1744571395292
[2025-04-13T19:09:58.377Z] INFO: Visited homepage by user_1744571395292
[2025-04-13T19:11:00.794Z] INFO: Register page accessed by visitor
[2025-04-13T19:11:01.008Z] INFO: Register page accessed by visitor
[2025-04-13T19:11:01.145Z] INFO: New user registered: user_1744571460529
[2025-04-13T19:11:01.159Z] INFO: Login page accessed by visitor
[2025-04-13T19:11:01.404Z] INFO: Login page accessed by visitor
[2025-04-13T19:11:01.667Z] INFO: User logged in: user_1744571460529
[2025-04-13T19:11:01.683Z] INFO: Visited homepage by user_1744571460529
[2025-04-13T19:11:02.120Z] INFO: Login page accessed by visitor
[2025-04-13T19:11:02.533Z] INFO: Register page accessed by visitor
[2025-04-13T19:11:03.077Z] WARN: Tried to register with existing username: user_1744571460529
[2025-04-13T19:11:03.421Z] INFO: Login page accessed by visitor
[2025-04-13T19:11:03.690Z] INFO: User logged in: user_1744571460529
[2025-04-13T19:11:03.705Z] INFO: Visited homepage by user_1744571460529
[2025-04-13T19:18:33.375Z] INFO: Register page accessed by visitor
[2025-04-13T19:18:33.554Z] INFO: Register page accessed by visitor
[2025-04-13T19:18:33.691Z] INFO: New user registered: user_1744571913101
[2025-04-13T19:18:33.704Z] INFO: Login page accessed by visitor
[2025-04-13T19:18:33.919Z] INFO: Login page accessed by visitor
[2025-04-13T19:18:34.186Z] INFO: User logged in: user_1744571913101
[2025-04-13T19:18:34.198Z] INFO: Visited homepage by user_1744571913101
[2025-04-13T19:18:34.725Z] INFO: Login page accessed by visitor
[2025-04-13T19:18:35.072Z] INFO: Register page accessed by visitor
[2025-04-13T19:18:35.715Z] INFO: New user registered: user_1744571913100
[2025-04-13T19:18:35.727Z] INFO: Login page accessed by visitor
[2025-04-13T19:18:36.040Z] INFO: Login page accessed by visitor
[2025-04-13T19:18:36.324Z] INFO: User logged in: user_1744571913100
[2025-04-13T19:18:36.339Z] INFO: Visited homepage by user_1744571913100
[2025-04-13T19:20:13.552Z] INFO: Register page accessed by visitor
[2025-04-13T19:20:13.721Z] INFO: Register page accessed by visitor
[2025-04-13T19:20:13.884Z] INFO: New user registered: user_1744572013280
[2025-04-13T19:20:13.900Z] INFO: Login page accessed by visitor
[2025-04-13T19:20:14.113Z] INFO: Login page accessed by visitor
[2025-04-13T19:20:14.359Z] INFO: User logged in: user_1744572013280
[2025-04-13T19:20:14.375Z] INFO: Visited homepage by user_1744572013280
[2025-04-13T19:20:14.810Z] INFO: Login page accessed by visitor
[2025-04-13T19:20:15.164Z] INFO: Register page accessed by visitor
[2025-04-13T19:20:15.858Z] INFO: New user registered: user_1744572013278
[2025-04-13T19:20:15.872Z] INFO: Login page accessed by visitor
[2025-04-13T19:20:16.202Z] INFO: Login page accessed by visitor
[2025-04-13T19:20:16.514Z] INFO: User logged in: user_1744572013278
[2025-04-13T19:20:16.526Z] INFO: Visited homepage by user_1744572013278
[2025-04-13T19:20:32.840Z] INFO: Register page accessed by visitor
[2025-04-13T19:20:33.009Z] INFO: Register page accessed by visitor
[2025-04-13T19:20:33.156Z] INFO: New user registered: user_1744572032567
[2025-04-13T19:20:33.170Z] INFO: Login page accessed by visitor
[2025-04-13T19:20:33.380Z] INFO: Login page accessed by visitor
[2025-04-13T19:20:33.633Z] INFO: User logged in: user_1744572032567
[2025-04-13T19:20:33.650Z] INFO: Visited homepage by user_1744572032567
[2025-04-13T19:20:34.025Z] INFO: Login page accessed by visitor
[2025-04-13T19:20:34.548Z] INFO: Register page accessed by visitor
[2025-04-13T19:20:35.043Z] INFO: New user registered: user_1744572032566
[2025-04-13T19:20:35.079Z] INFO: Login page accessed by visitor
[2025-04-13T19:20:35.384Z] INFO: Login page accessed by visitor
[2025-04-13T19:20:35.721Z] INFO: User logged in: user_1744572032566
[2025-04-13T19:20:35.737Z] INFO: Visited homepage by user_1744572032566
[2025-04-13T19:20:55.896Z] INFO: Register page accessed by visitor
[2025-04-13T19:20:56.084Z] INFO: Register page accessed by visitor
[2025-04-13T19:20:56.264Z] INFO: New user registered: user_1744572055620
[2025-04-13T19:20:56.280Z] INFO: Login page accessed by visitor
[2025-04-13T19:20:56.502Z] INFO: Login page accessed by visitor
[2025-04-13T19:20:56.779Z] INFO: User logged in: user_1744572055620
[2025-04-13T19:20:56.805Z] INFO: Visited homepage by user_1744572055620
[2025-04-13T19:20:57.341Z] INFO: Login page accessed by visitor
[2025-04-13T19:20:57.620Z] INFO: Register page accessed by visitor
[2025-04-13T19:20:58.205Z] INFO: New user registered: user_1744572055614
[2025-04-13T19:20:58.218Z] INFO: Login page accessed by visitor
[2025-04-13T19:20:58.579Z] INFO: Login page accessed by visitor
[2025-04-13T19:20:58.861Z] INFO: User logged in: user_1744572055614
[2025-04-13T19:20:58.875Z] INFO: Visited homepage by user_1744572055614
[2025-04-13T19:25:41.283Z] INFO: Register page accessed by visitor
[2025-04-13T19:25:41.471Z] INFO: Register page accessed by visitor
[2025-04-13T19:25:41.577Z] INFO: New user registered: user_1744572341026
[2025-04-13T19:25:41.588Z] INFO: Login page accessed by visitor
[2025-04-13T19:25:41.817Z] INFO: Login page accessed by visitor
[2025-04-13T19:25:42.075Z] INFO: User logged in: user_1744572341026
[2025-04-13T19:25:42.089Z] INFO: Visited homepage by user_1744572341026
[2025-04-13T19:25:42.567Z] INFO: Login page accessed by visitor
[2025-04-13T19:25:43.000Z] INFO: Register page accessed by visitor
[2025-04-13T19:25:43.513Z] WARN: Tried to register with existing username: user_1744572341026
[2025-04-13T19:25:43.865Z] INFO: Login page accessed by visitor
[2025-04-13T19:25:44.174Z] INFO: User logged in: user_1744572341026
[2025-04-13T19:25:44.189Z] INFO: Visited homepage by user_1744572341026
[2025-04-13T19:28:41.219Z] INFO: Register page accessed by visitor
[2025-04-13T19:28:41.358Z] INFO: Register page accessed by visitor
[2025-04-13T19:28:41.543Z] INFO: New user registered: user_1744572520939
[2025-04-13T19:28:41.558Z] INFO: Login page accessed by visitor
[2025-04-13T19:28:41.769Z] INFO: Login page accessed by visitor
[2025-04-13T19:28:42.032Z] INFO: User logged in: user_1744572520939
[2025-04-13T19:28:42.054Z] INFO: Visited homepage by user_1744572520939
[2025-04-13T19:28:42.333Z] INFO: Login page accessed by visitor
[2025-04-13T19:28:42.447Z] INFO: Login page accessed by visitor
[2025-04-13T19:28:42.662Z] INFO: User logged in: user_1744572520939
[2025-04-13T19:28:42.675Z] INFO: Visited homepage by user_1744572520939
[2025-04-13T19:28:43.028Z] INFO: Register page accessed by visitor
[2025-04-13T19:28:43.375Z] INFO: User Searched : ""
[2025-04-13T19:28:43.539Z] INFO: New user registered: user_1744572520945
[2025-04-13T19:28:43.553Z] INFO: Login page accessed by visitor
[2025-04-13T19:28:43.940Z] INFO: Login page accessed by visitor
[2025-04-13T19:28:44.241Z] INFO: User logged in: user_1744572520945
[2025-04-13T19:28:44.255Z] INFO: Visited homepage by user_1744572520945
[2025-04-13T19:28:44.550Z] INFO: Login page accessed by visitor
[2025-04-13T19:28:44.812Z] INFO: User logged in: user_1744572520945
[2025-04-13T19:28:44.826Z] INFO: Visited homepage by user_1744572520945
[2025-04-13T19:28:45.632Z] INFO: User Searched : ""
[2025-04-13T19:32:10.234Z] INFO: Register page accessed by visitor
[2025-04-13T19:32:10.389Z] INFO: Register page accessed by visitor
[2025-04-13T19:32:10.555Z] INFO: New user registered: user_1744572729981
[2025-04-13T19:32:10.571Z] INFO: Login page accessed by visitor
[2025-04-13T19:32:10.770Z] INFO: Login page accessed by visitor
[2025-04-13T19:32:11.024Z] INFO: User logged in: user_1744572729981
[2025-04-13T19:32:11.056Z] INFO: Visited homepage by user_1744572729981
[2025-04-13T19:32:11.315Z] INFO: Login page accessed by visitor
[2025-04-13T19:32:11.519Z] INFO: Login page accessed by visitor
[2025-04-13T19:32:11.619Z] INFO: User logged in: user_1744572729981
[2025-04-13T19:32:11.632Z] INFO: Visited homepage by user_1744572729981
[2025-04-13T19:32:11.898Z] INFO: Register page accessed by visitor
[2025-04-13T19:32:12.330Z] INFO: User Searched : ""
[2025-04-13T19:32:12.489Z] INFO: New user registered: user_1744572729978
[2025-04-13T19:32:12.527Z] INFO: Login page accessed by visitor
[2025-04-13T19:32:12.882Z] INFO: Login page accessed by visitor
[2025-04-13T19:32:13.168Z] INFO: User logged in: user_1744572729978
[2025-04-13T19:32:13.181Z] INFO: Visited homepage by user_1744572729978
[2025-04-13T19:32:13.453Z] INFO: Login page accessed by visitor
[2025-04-13T19:32:13.735Z] INFO: User logged in: user_1744572729978
[2025-04-13T19:32:13.748Z] INFO: Visited homepage by user_1744572729978
[2025-04-13T19:32:14.471Z] INFO: User Searched : ""
[2025-04-13T19:33:52.084Z] INFO: Login page accessed by visitor
[2025-04-13T19:33:57.924Z] INFO: User logged in: admin123
[2025-04-13T19:33:57.944Z] INFO: Visited homepage by admin123
[2025-04-13T19:37:43.035Z] INFO: Register page accessed by visitor
[2025-04-13T19:37:43.242Z] INFO: Register page accessed by visitor
[2025-04-13T19:37:43.383Z] INFO: New user registered: user_1744573062740
[2025-04-13T19:37:43.399Z] INFO: Login page accessed by visitor
[2025-04-13T19:37:43.616Z] INFO: Login page accessed by visitor
[2025-04-13T19:37:43.912Z] INFO: User logged in: user_1744573062740
[2025-04-13T19:37:43.933Z] INFO: Visited homepage by user_1744573062740
[2025-04-13T19:37:44.326Z] INFO: Login page accessed by visitor
[2025-04-13T19:37:44.730Z] INFO: Register page accessed by visitor
[2025-04-13T19:37:45.428Z] INFO: New user registered: user_1744573062743
[2025-04-13T19:37:45.441Z] INFO: Login page accessed by visitor
[2025-04-13T19:37:45.813Z] INFO: Login page accessed by visitor
[2025-04-13T19:37:46.118Z] INFO: User logged in: user_1744573062743
[2025-04-13T19:37:46.133Z] INFO: Visited homepage by user_1744573062743
[2025-04-13T19:38:25.463Z] INFO: Register page accessed by visitor
[2025-04-13T19:38:25.655Z] INFO: Register page accessed by visitor
[2025-04-13T19:38:25.785Z] INFO: New user registered: user_1744573105181
[2025-04-13T19:38:25.800Z] INFO: Login page accessed by visitor
[2025-04-13T19:38:26.032Z] INFO: Login page accessed by visitor
[2025-04-13T19:38:26.300Z] INFO: User logged in: user_1744573105181
[2025-04-13T19:38:26.315Z] INFO: Visited homepage by user_1744573105181
[2025-04-13T19:38:26.692Z] INFO: Login page accessed by visitor
[2025-04-13T19:38:27.103Z] INFO: Register page accessed by visitor
[2025-04-13T19:38:27.684Z] INFO: New user registered: user_1744573105182
[2025-04-13T19:38:27.699Z] INFO: Login page accessed by visitor
[2025-04-13T19:38:28.043Z] INFO: Login page accessed by visitor
[2025-04-13T19:38:28.374Z] INFO: User logged in: user_1744573105182
[2025-04-13T19:38:28.391Z] INFO: Visited homepage by user_1744573105182
[2025-04-13T19:38:52.036Z] INFO: Register page accessed by visitor
[2025-04-13T19:38:52.213Z] INFO: Register page accessed by visitor
[2025-04-13T19:38:52.357Z] INFO: New user registered: user_1744573131761
[2025-04-13T19:38:52.374Z] INFO: Login page accessed by visitor
[2025-04-13T19:38:52.580Z] INFO: Login page accessed by visitor
[2025-04-13T19:38:52.816Z] INFO: User logged in: user_1744573131761
[2025-04-13T19:38:52.831Z] INFO: Visited homepage by user_1744573131761
[2025-04-13T19:38:53.159Z] INFO: Login page accessed by visitor
[2025-04-13T19:38:53.260Z] INFO: Login page accessed by visitor
[2025-04-13T19:38:53.457Z] INFO: User logged in: user_1744573131761
[2025-04-13T19:38:53.473Z] INFO: Visited homepage by user_1744573131761
[2025-04-13T19:38:53.647Z] INFO: Register page accessed by visitor
[2025-04-13T19:38:54.120Z] WARN: Tried to register with existing username: user_1744573131761
[2025-04-13T19:38:54.152Z] INFO: User Searched : ""
[2025-04-13T19:38:54.497Z] INFO: Login page accessed by visitor
[2025-04-13T19:38:54.814Z] INFO: User logged in: user_1744573131761
[2025-04-13T19:38:54.828Z] INFO: Visited homepage by user_1744573131761
[2025-04-13T19:38:55.143Z] INFO: Login page accessed by visitor
[2025-04-13T19:38:55.418Z] INFO: User logged in: user_1744573131761
[2025-04-13T19:38:55.432Z] INFO: Visited homepage by user_1744573131761
[2025-04-13T19:38:56.136Z] INFO: User Searched : ""
[2025-04-13T19:41:32.742Z] INFO: Register page accessed by visitor
[2025-04-13T19:41:32.903Z] INFO: Register page accessed by visitor
[2025-04-13T19:41:33.092Z] INFO: New user registered: user_1744573292451
[2025-04-13T19:41:33.107Z] INFO: Login page accessed by visitor
[2025-04-13T19:41:33.325Z] INFO: Login page accessed by visitor
[2025-04-13T19:41:33.626Z] INFO: User logged in: user_1744573292451
[2025-04-13T19:41:33.643Z] INFO: Visited homepage by user_1744573292451
[2025-04-13T19:41:34.027Z] INFO: Login page accessed by visitor
[2025-04-13T19:41:34.458Z] INFO: Register page accessed by visitor
[2025-04-13T19:41:35.237Z] INFO: New user registered: user_1744573292447
[2025-04-13T19:41:35.249Z] INFO: Login page accessed by visitor
[2025-04-13T19:41:35.611Z] INFO: Login page accessed by visitor
[2025-04-13T19:41:35.916Z] INFO: User logged in: user_1744573292447
[2025-04-13T19:41:35.928Z] INFO: Visited homepage by user_1744573292447
[2025-04-13T20:09:42.766Z] INFO: User logged out: admin123
[2025-04-13T20:09:42.769Z] INFO: Login page accessed by visitor
[2025-04-13T20:09:47.888Z] WARN: Failed login attempt for username: ' OR 1=1; UPDATE users SET is_admin = 1 WHERE username = 'victim'; --
[2025-04-13T20:09:58.403Z] WARN: Failed login attempt for username: ' OR 1=1; UPDATE users SET is_admin = 1 WHERE username = 'username'; --
[2025-04-13T20:10:13.866Z] INFO: User logged out: Unknown user
[2025-04-13T20:10:13.872Z] INFO: Login page accessed by visitor
[2025-04-13T20:10:22.659Z] WARN: Failed login attempt for username: ' OR 1=1; UPDATE users SET is_admin = 1 WHERE username = 'USER@example.com'; --
[2025-04-13T20:11:04.824Z] INFO: User logged out: Unknown user
[2025-04-13T20:11:04.829Z] INFO: Login page accessed by visitor
[2025-04-13T20:11:15.234Z] WARN: Failed login attempt for username: ' OR 1=1; UPDATE users SET is_admin = 1 WHERE username = 'victim'; --
[2025-04-13T20:11:23.057Z] INFO: Register page accessed by visitor
[2025-04-13T20:11:27.655Z] WARN: Registration validation failed for user "' OR 1=1; UPDATE users SET is_admin = 1 WHERE username = 'USER@example.com'; --"
[2025-04-13T20:11:52.824Z] INFO: Visited homepage by undefined
[2025-04-13T20:11:56.234Z] INFO: Login page accessed by visitor
[2025-04-13T20:12:00.605Z] WARN: Failed login attempt for username: ' OR 1=1; UPDATE users SET is_admin = 1 WHERE username = 'victim'; --
[2025-04-13T20:12:28.746Z] INFO: Register page accessed by visitor
[2025-04-13T20:12:34.222Z] WARN: Registration validation failed for user "ff"
[2025-04-13T20:12:55.307Z] INFO: Visited homepage by undefined
[2025-04-13T20:12:57.300Z] INFO: Register page accessed by visitor
[2025-04-13T20:13:00.003Z] INFO: Login page accessed by visitor
[2025-04-13T20:13:03.148Z] WARN: Failed login attempt for username: ' OR 1=1; UPDATE users SET is_admin = 1 WHERE username = 'USER@example.com'; --
[2025-04-13T20:13:06.012Z] INFO: Register page accessed by visitor
[2025-04-13T20:13:08.700Z] WARN: Registration validation failed for user "v"
[2025-04-13T20:14:17.005Z] INFO: Register page accessed by visitor
[2025-04-13T20:14:19.578Z] WARN: Registration validation failed for user "' OR 1=1; UPDATE users SET is_admin = 1 WHERE username = 'USER@example.com'; --"
[2025-04-13T20:14:26.251Z] INFO: Register page accessed by visitor
[2025-04-13T20:15:03.591Z] INFO: Register page accessed by visitor
[2025-04-13T20:15:04.775Z] INFO: Login page accessed by visitor
[2025-04-13T20:15:09.036Z] WARN: Failed login attempt for username: ' OR 1=1; UPDATE users SET is_admin = 1 WHERE username = 'USER@example.com'; --
[2025-04-14T21:24:16.518Z] INFO: Register page accessed by visitor
[2025-04-14T21:24:16.711Z] INFO: Register page accessed by visitor
[2025-04-14T21:24:16.838Z] INFO: New user registered: user_1744665856253
[2025-04-14T21:24:16.851Z] INFO: Login page accessed by visitor
[2025-04-14T21:24:17.090Z] INFO: Login page accessed by visitor
[2025-04-14T21:24:17.336Z] INFO: User logged in: user_1744665856253
[2025-04-14T21:24:17.351Z] INFO: Visited homepage by user_1744665856253
[2025-04-14T21:24:17.796Z] INFO: Login page accessed by visitor
[2025-04-14T21:24:18.057Z] INFO: Register page accessed by visitor
[2025-04-14T21:24:18.728Z] INFO: New user registered: user_1744665856251
[2025-04-14T21:24:18.740Z] INFO: Login page accessed by visitor
[2025-04-14T21:24:19.040Z] INFO: Login page accessed by visitor
[2025-04-14T21:24:19.315Z] INFO: User logged in: user_1744665856251
[2025-04-14T21:24:19.327Z] INFO: Visited homepage by user_1744665856251
[2025-04-15T11:48:29.418Z] INFO: Visited homepage by undefined
[2025-04-15T11:48:31.799Z] INFO: Visited homepage by undefined
[2025-04-15T11:48:43.580Z] INFO: User logged in: admin123
[2025-04-15T11:48:43.596Z] INFO: Visited homepage by admin123
[2025-04-15T11:48:51.529Z] INFO: Post ID 1 deleted by admin123
[2025-04-15T11:48:57.570Z] INFO: Post title Finibus Bonorum et Malorum updated by admin123
[2025-04-15T11:49:21.241Z] INFO: Post title Finibus Bonorum et Malorum updated by admin123
[2025-04-15T11:49:21.261Z] INFO: Post title Finibus Bonorum et Malorum updated by admin123
[2025-04-15T11:49:29.362Z] INFO: User Searched : "hgh"
[2025-04-15T11:49:36.521Z] INFO: Post created by admin123: "jjjj"
[2025-04-15T11:49:52.152Z] INFO: User logged out: admin123
[2025-04-15T12:20:42.395Z] INFO: User logged in: admin123
[2025-04-15T12:20:42.411Z] INFO: Visited homepage by admin123
[2025-04-15T12:20:47.114Z] INFO: User Searched : "ww"
[2025-04-15T12:20:50.425Z] INFO: User Searched : "w"
[2025-04-15T12:29:06.735Z] INFO: New user registered: user_1744720143583
[2025-04-15T12:29:07.091Z] INFO: New user registered: user_1744720143581
[2025-04-15T12:29:07.482Z] INFO: User logged in: user_1744720143583
[2025-04-15T12:29:07.492Z] INFO: Visited homepage by user_1744720143583
[2025-04-15T12:29:07.604Z] INFO: User logged in: user_1744720143581
[2025-04-15T12:29:07.620Z] INFO: Visited homepage by user_1744720143581
[2025-04-15T13:19:47.742Z] INFO: Visited homepage by undefined
[2025-04-15T13:20:55.080Z] INFO: Visited homepage by undefined
[2025-04-15T13:20:56.502Z] INFO: Visited homepage by undefined
[2025-04-15T13:20:57.159Z] INFO: Visited homepage by undefined
[2025-04-15T13:20:59.215Z] INFO: Visited homepage by undefined
[2025-04-15T13:21:01.494Z] INFO: Visited homepage by undefined
[2025-04-15T13:21:52.937Z] INFO: Visited homepage by undefined
[2025-04-15T13:23:05.837Z] INFO: New user registered: user1234
[2025-04-15T13:23:25.406Z] INFO: User logged in: user1234
[2025-04-15T13:23:25.426Z] INFO: Visited homepage by user1234
[2025-04-15T13:24:36.191Z] INFO: Post created by user1234: "test"
[2025-04-15T13:24:42.449Z] INFO: Visited homepage by user1234
[2025-04-15T13:31:10.422Z] INFO: User logged out: user1234
[2025-04-15T13:31:23.902Z] INFO: User logged in: admin123
[2025-04-15T13:31:23.920Z] INFO: Visited homepage by admin123
[2025-04-15T13:32:09.750Z] INFO: Post title admin test updated by admin123
[2025-04-15T13:32:31.493Z] INFO: User Searched : "admin test"
[2025-04-15T13:32:46.356Z] INFO: Post ID 6 deleted by admin123
[2025-04-15T13:34:51.499Z] INFO: Visited homepage by undefined
[2025-04-15T13:34:56.479Z] INFO: Visited homepage by undefined
[2025-04-15T13:37:05.928Z] INFO: User logged in: user1234
[2025-04-15T13:37:05.981Z] INFO: Visited homepage by user1234
[2025-04-15T13:39:47.442Z] INFO: User Searched : "<script>alert('XSS Attack!');</script>"
[2025-04-15T13:40:27.963Z] INFO: User Searched : "<script>alert('XSS Attack!');</script>"
[2025-04-15T13:42:42.953Z] INFO: User Searched : "<script>alert(" SQL Attack!');</script>"
[2025-04-15T15:16:37.023Z] INFO: Visited homepage by undefined
[2025-04-15T16:25:30.006Z] INFO: Visited homepage by undefined
[2025-04-15T16:25:45.969Z] INFO: User logged in: admin123
[2025-04-15T16:25:45.990Z] INFO: Visited homepage by admin123
[2025-04-15T16:25:56.210Z] INFO: User logged out: admin123
[2025-04-15T16:26:05.732Z] INFO: User logged in: user123
[2025-04-15T16:26:05.747Z] INFO: Visited homepage by user123
[2025-04-15T19:00:21.430Z] INFO: User logged out: Unknown user
[2025-04-15T19:08:26.985Z] INFO: Visited homepage by undefined
[2025-04-15T19:08:37.860Z] INFO: Visited homepage by undefined
[2025-04-15T19:08:37.988Z] INFO: Visited homepage by undefined
[2025-04-15T19:08:38.092Z] INFO: Visited homepage by undefined
[2025-04-15T19:08:49.613Z] INFO: Visited homepage by undefined
[2025-04-15T19:08:49.626Z] INFO: Visited homepage by undefined
[2025-04-15T19:08:54.311Z] INFO: Visited homepage by undefined
[2025-04-15T19:08:54.361Z] INFO: Visited homepage by undefined
[2025-04-15T19:09:13.862Z] INFO: Visited homepage by undefined
[2025-04-15T19:09:33.094Z] INFO: Visited homepage by undefined
[2025-04-15T19:09:33.121Z] INFO: Visited homepage by undefined
[2025-04-15T19:09:38.386Z] INFO: Visited homepage by undefined
[2025-04-15T19:09:38.398Z] INFO: Visited homepage by undefined
[2025-04-15T19:09:38.426Z] INFO: Visited homepage by undefined
[2025-04-15T19:09:38.488Z] INFO: Visited homepage by undefined
[2025-04-15T19:09:38.491Z] INFO: Visited homepage by undefined
[2025-04-15T19:09:38.532Z] INFO: Visited homepage by undefined
[2025-04-15T19:09:38.602Z] INFO: Visited homepage by undefined
[2025-04-15T19:09:38.612Z] INFO: Visited homepage by undefined
[2025-04-15T19:09:38.664Z] INFO: Visited homepage by undefined
[2025-04-15T19:09:38.694Z] INFO: Visited homepage by undefined
[2025-04-15T19:09:38.717Z] INFO: Visited homepage by undefined
[2025-04-15T19:09:38.780Z] INFO: Visited homepage by undefined
[2025-04-15T19:09:38.790Z] INFO: Visited homepage by undefined
[2025-04-15T19:09:38.849Z] INFO: Visited homepage by undefined
[2025-04-15T19:09:38.851Z] INFO: Visited homepage by undefined
[2025-04-15T19:09:38.921Z] INFO: Visited homepage by undefined
[2025-04-15T19:09:38.979Z] INFO: Visited homepage by undefined
[2025-04-15T19:09:38.981Z] INFO: Visited homepage by undefined
[2025-04-15T19:09:39.036Z] INFO: Visited homepage by undefined
[2025-04-15T19:09:39.084Z] INFO: Visited homepage by undefined
[2025-04-15T19:09:39.137Z] INFO: Visited homepage by undefined
[2025-04-15T19:09:39.193Z] INFO: Visited homepage by undefined
[2025-04-15T19:09:39.248Z] INFO: Visited homepage by undefined
[2025-04-15T19:09:39.312Z] INFO: Visited homepage by undefined
[2025-04-15T19:35:16.664Z] INFO: Visited homepage by undefined
[2025-04-15T19:35:18.638Z] INFO: Visited homepage by undefined
[2025-04-15T19:56:26.119Z] INFO: Visited homepage by undefined
[2025-04-15T19:58:06.812Z] INFO: New user registered: admin123
[2025-04-15T19:58:13.562Z] INFO: User logged in: admin123
[2025-04-15T19:58:13.583Z] INFO: Visited homepage by admin123
[2025-04-15T19:59:18.283Z] INFO: User logged out: admin123
[2025-04-15T19:59:26.062Z] INFO: User logged in: user1234
[2025-04-15T19:59:26.084Z] INFO: Visited homepage by user1234
[2025-04-15T22:22:14.301Z] INFO: New user registered: user_1744755730362
[2025-04-15T22:22:14.461Z] INFO: New user registered: user_1744755730363
[2025-04-15T22:22:14.842Z] INFO: User logged in: user_1744755730362
[2025-04-15T22:22:14.854Z] INFO: Visited homepage by user_1744755730362
[2025-04-15T22:22:15.264Z] INFO: User logged in: user_1744755730363
[2025-04-15T22:22:15.281Z] INFO: Visited homepage by user_1744755730363
[2025-04-15T22:23:40.645Z] INFO: New user registered: user_1744755819805
[2025-04-15T22:23:41.194Z] INFO: User logged in: user_1744755819805
[2025-04-15T22:23:41.209Z] INFO: Visited homepage by user_1744755819805
[2025-04-15T22:23:43.332Z] INFO: New user registered: user_1744755819800
[2025-04-15T22:23:44.073Z] INFO: User logged in: user_1744755819800
[2025-04-15T22:23:44.091Z] INFO: Visited homepage by user_1744755819800
[2025-04-15T23:11:15.307Z] INFO: Visited homepage by undefined
[2025-04-15T23:11:27.550Z] INFO: User logged in: admin1234
[2025-04-15T23:11:27.568Z] INFO: Visited homepage by admin1234
[2025-04-15T23:11:29.257Z] INFO: User logged out: admin1234
[2025-04-15T23:11:42.105Z] INFO: User logged in: user1234
[2025-04-15T23:11:42.125Z] INFO: Visited homepage by user1234
